../Core/Src/main.c:132:5:main	168	static
../Core/Src/main.c:265:6:SystemClock_Config	120	static
../Core/Src/main.c:330:13:MX_ETH_Init	8	static
../Core/Src/main.c:379:13:MX_SPI5_Init	8	static
../Core/Src/main.c:427:13:MX_TIM13_Init	40	static
../Core/Src/main.c:473:13:MX_TIM14_Init	40	static
../Core/Src/main.c:519:13:MX_USART3_UART_Init	8	static
../Core/Src/main.c:567:13:MX_USB_OTG_FS_PCD_Init	8	static
../Core/Src/main.c:603:13:MX_GPIO_Init	56	static
../Core/Src/main.c:636:6:Error_Handler	4	static,ignoring_inline_asm
