../Core/Src/main.c:104:5:main	16	static
../Core/Src/main.c:198:6:SystemClock_Config	120	static
../Core/Src/main.c:263:13:MX_I2C4_Init	8	static
../Core/Src/main.c:311:13:MX_SPI4_Init	8	static
../Core/Src/main.c:359:13:MX_TIM13_Init	40	static
../Core/Src/main.c:405:13:MX_TIM14_Init	40	static
../Core/Src/main.c:451:13:MX_USART3_UART_Init	8	static
../Core/Src/main.c:499:13:MX_USB_OTG_FS_PCD_Init	8	static
../Core/Src/main.c:535:13:MX_GPIO_Init	56	static
../Core/Src/main.c:567:6:Error_Handler	4	static,ignoring_inline_asm
