../Core/Src/nRF24.c:41:6:NRF24_SetupRoutine	160	static
../Core/Src/nRF24.c:62:13:NRF24_ReadJohnDeereSystem	32	static
../Core/Src/nRF24.c:91:6:NRF24_DelayMicroSeconds	24	static
../Core/Src/nRF24.c:99:6:NRF24_csn	16	static
../Core/Src/nRF24.c:105:6:NRF24_ce	16	static
../Core/Src/nRF24.c:111:9:NRF24_read_register	24	static
../Core/Src/nRF24.c:128:6:NRF24_read_registerN	24	static
../Core/Src/nRF24.c:143:6:NRF24_write_register	24	static
../Core/Src/nRF24.c:156:6:NRF24_write_registerN	24	static
../Core/Src/nRF24.c:169:6:NRF24_write_payload	24	static
../Core/Src/nRF24.c:182:6:NRF24_read_payload	24	static
../Core/Src/nRF24.c:196:6:NRF24_flush_tx	8	static
../Core/Src/nRF24.c:201:6:NRF24_flush_rx	8	static
../Core/Src/nRF24.c:206:9:NRF24_get_status	16	static
../Core/Src/nRF24.c:214:6:NRF24_begin	24	static
../Core/Src/nRF24.c:275:6:NRF24_startListening	8	static
../Core/Src/nRF24.c:292:6:NRF24_stopListening	8	static
../Core/Src/nRF24.c:299:6:NRF24_write	32	static
../Core/Src/nRF24.c:335:6:NRF24_available	8	static
../Core/Src/nRF24.c:340:6:NRF24_read	24	static
../Core/Src/nRF24.c:349:6:NRF24_openWritingPipe	24	static
../Core/Src/nRF24.c:358:6:NRF24_openReadingPipe	24	static
../Core/Src/nRF24.c:382:6:NRF24_setRetries	16	static
../Core/Src/nRF24.c:388:6:NRF24_setChannel	24	static
../Core/Src/nRF24.c:394:6:NRF24_setPayloadSize	24	static
../Core/Src/nRF24.c:400:9:NRF24_getPayloadSize	4	static
../Core/Src/nRF24.c:405:9:NRF24_getDynamicPayloadSize	8	static
../Core/Src/nRF24.c:410:6:NRF24_enableAckPayload	8	static
../Core/Src/nRF24.c:423:6:NRF24_enableDynamicPayloads	8	static
../Core/Src/nRF24.c:437:6:NRF24_disableDynamicPayloads	8	static
../Core/Src/nRF24.c:445:6:NRF24_isNRF_Plus	4	static
../Core/Src/nRF24.c:450:6:NRF24_setAutoAck	16	static
../Core/Src/nRF24.c:458:6:NRF24_setAutoAckPipe	24	static
../Core/Src/nRF24.c:475:6:NRF24_setPALevel	24	static
../Core/Src/nRF24.c:506:15:NRF24_getPALevel	16	static
../Core/Src/nRF24.c:532:6:NRF24_setDataRate	24	static
../Core/Src/nRF24.c:577:17:NRF24_getDataRate	16	static
../Core/Src/nRF24.c:602:6:NRF24_setCRCLength	24	static
../Core/Src/nRF24.c:623:18:NRF24_getCRCLength	16	static
../Core/Src/nRF24.c:639:6:NRF24_disableCRC	16	static
../Core/Src/nRF24.c:645:6:NRF24_powerUp	8	static
../Core/Src/nRF24.c:650:6:NRF24_powerDown	8	static
../Core/Src/nRF24.c:655:6:NRF24_availablePipe	24	static
../Core/Src/nRF24.c:679:6:NRF24_startWrite	16	static
../Core/Src/nRF24.c:696:6:NRF24_writeAckPayload	24	static
../Core/Src/nRF24.c:707:6:NRF24_isAckPayloadAvailable	16	static
../Core/Src/nRF24.c:714:6:NRF24_whatHappened	32	static
../Core/Src/nRF24.c:725:6:NRF24_testCarrier	8	static
../Core/Src/nRF24.c:730:6:NRF24_testRPD	8	static
../Core/Src/nRF24.c:736:6:NRF24_resetStatus	8	static
../Core/Src/nRF24.c:742:6:NRF24_ACTIVATE_cmd	16	static
../Core/Src/nRF24.c:753:9:NRF24_GetAckPayloadSize	4	static
../Core/Src/nRF24.c:758:6:printRadioSettings	152	static
../Core/Src/nRF24.c:885:6:printStatusReg	136	static
../Core/Src/nRF24.c:901:6:printConfigReg	112	static
../Core/Src/nRF24.c:919:6:nrf24_DebugUART_Init	8	static
../Core/Src/nRF24.c:924:6:printFIFOstatus	128	static
