../Core/Src/nRF24.c:44:6:NRF24_DelayMicroSeconds	24	static
../Core/Src/nRF24.c:52:6:NRF24_csn	16	static
../Core/Src/nRF24.c:58:6:NRF24_ce	16	static
../Core/Src/nRF24.c:64:9:NRF24_read_register	24	static
../Core/Src/nRF24.c:81:6:NRF24_read_registerN	24	static
../Core/Src/nRF24.c:96:6:NRF24_write_register	24	static
../Core/Src/nRF24.c:109:6:NRF24_write_registerN	24	static
../Core/Src/nRF24.c:122:6:NRF24_write_payload	24	static
../Core/Src/nRF24.c:135:6:NRF24_read_payload	24	static
../Core/Src/nRF24.c:149:6:NRF24_flush_tx	8	static
../Core/Src/nRF24.c:154:6:NRF24_flush_rx	8	static
../Core/Src/nRF24.c:159:9:NRF24_get_status	16	static
../Core/Src/nRF24.c:167:6:NRF24_begin	24	static
../Core/Src/nRF24.c:240:6:NRF24_startListening	8	static
../Core/Src/nRF24.c:257:6:NRF24_stopListening	8	static
../Core/Src/nRF24.c:264:6:NRF24_write	32	static
../Core/Src/nRF24.c:300:6:NRF24_available	8	static
../Core/Src/nRF24.c:305:6:NRF24_read	24	static
../Core/Src/nRF24.c:314:6:NRF24_openWritingPipe	24	static
../Core/Src/nRF24.c:323:6:NRF24_openReadingPipe	24	static
../Core/Src/nRF24.c:347:6:NRF24_setRetries	16	static
../Core/Src/nRF24.c:353:6:NRF24_setChannel	24	static
../Core/Src/nRF24.c:359:6:NRF24_setPayloadSize	24	static
../Core/Src/nRF24.c:365:9:NRF24_getPayloadSize	4	static
../Core/Src/nRF24.c:370:9:NRF24_getDynamicPayloadSize	8	static
../Core/Src/nRF24.c:375:6:NRF24_enableAckPayload	8	static
../Core/Src/nRF24.c:388:6:NRF24_enableDynamicPayloads	8	static
../Core/Src/nRF24.c:402:6:NRF24_disableDynamicPayloads	8	static
../Core/Src/nRF24.c:410:6:NRF24_isNRF_Plus	4	static
../Core/Src/nRF24.c:415:6:NRF24_setAutoAck	16	static
../Core/Src/nRF24.c:423:6:NRF24_setAutoAckPipe	24	static
../Core/Src/nRF24.c:440:6:NRF24_setPALevel	24	static
../Core/Src/nRF24.c:471:15:NRF24_getPALevel	16	static
../Core/Src/nRF24.c:497:6:NRF24_setDataRate	24	static
../Core/Src/nRF24.c:542:17:NRF24_getDataRate	16	static
../Core/Src/nRF24.c:567:6:NRF24_setCRCLength	24	static
../Core/Src/nRF24.c:588:18:NRF24_getCRCLength	16	static
../Core/Src/nRF24.c:604:6:NRF24_disableCRC	16	static
../Core/Src/nRF24.c:610:6:NRF24_powerUp	8	static
../Core/Src/nRF24.c:615:6:NRF24_powerDown	8	static
../Core/Src/nRF24.c:620:6:NRF24_availablePipe	24	static
../Core/Src/nRF24.c:644:6:NRF24_startWrite	16	static
../Core/Src/nRF24.c:661:6:NRF24_writeAckPayload	24	static
../Core/Src/nRF24.c:672:6:NRF24_isAckPayloadAvailable	16	static
../Core/Src/nRF24.c:679:6:NRF24_whatHappened	32	static
../Core/Src/nRF24.c:690:6:NRF24_testCarrier	8	static
../Core/Src/nRF24.c:695:6:NRF24_testRPD	8	static
../Core/Src/nRF24.c:701:6:NRF24_resetStatus	8	static
../Core/Src/nRF24.c:707:6:NRF24_ACTIVATE_cmd	16	static
../Core/Src/nRF24.c:718:9:NRF24_GetAckPayloadSize	4	static
../Core/Src/nRF24.c:723:6:printRadioSettings	152	static
../Core/Src/nRF24.c:850:6:printStatusReg	136	static
../Core/Src/nRF24.c:866:6:printConfigReg	112	static
../Core/Src/nRF24.c:884:6:nrf24_DebugUART_Init	8	static
../Core/Src/nRF24.c:889:6:printFIFOstatus	128	static
